0 verbose cli /usr/local/bin/node /usr/local/bin/npm
1 info using npm@11.6.2
2 info using node@v24.13.0
3 silly config load:file:/usr/local/lib/node_modules/npm/npmrc
4 silly config load:file:/Users/rosario/Desktop/q&A/jee-video-gen/backend/.npmrc
5 silly config load:file:/Users/rosario/.npmrc
6 silly config load:file:/usr/local/etc/npmrc
7 verbose title npm install katex react-katex
8 verbose argv "install" "katex" "react-katex"
9 verbose logfile logs-max:10 dir:/Users/rosario/Desktop/LMS app/admin-dashboard/.npm_cache/_logs/2026-03-09T17_55_19_437Z-
10 verbose logfile /Users/rosario/Desktop/LMS app/admin-dashboard/.npm_cache/_logs/2026-03-09T17_55_19_437Z-debug-0.log
11 silly logfile start cleaning logs, removing 1 files
12 silly packumentCache heap:2348810240 maxSize:587202560 maxEntrySize:293601280
13 silly logfile done cleaning log files
14 silly idealTree buildDeps
15 silly fetch manifest katex@*
16 silly packumentCache full:https://registry.npmjs.org/katex cache-miss
17 http fetch GET 200 https://registry.npmjs.org/katex 575ms (cache updated)
18 silly packumentCache full:https://registry.npmjs.org/katex set size:undefined disposed:false
19 silly fetch manifest react-katex@*
20 silly packumentCache full:https://registry.npmjs.org/react-katex cache-miss
21 http fetch GET 200 https://registry.npmjs.org/react-katex 446ms (cache miss)
22 silly packumentCache full:https://registry.npmjs.org/react-katex set size:undefined disposed:false
23 silly fetch manifest prop-types@^15.8.1
24 silly packumentCache full:https://registry.npmjs.org/prop-types cache-miss
25 http fetch GET 200 https://registry.npmjs.org/prop-types 107ms (cache revalidated)
26 silly packumentCache full:https://registry.npmjs.org/prop-types set size:76747 disposed:false
27 silly fetch manifest react@>=15.3.2 <20
28 silly packumentCache full:https://registry.npmjs.org/react cache-miss
29 http fetch GET 200 https://registry.npmjs.org/react 111ms (cache revalidated)
30 silly packumentCache full:https://registry.npmjs.org/react set size:6535664 disposed:false
31 silly placeDep ROOT katex@0.16.38 OK for: jee-video-gen-backend@1.0.0 want: *
32 silly placeDep ROOT react-katex@3.1.0 OK for: jee-video-gen-backend@1.0.0 want: *
33 silly placeDep ROOT prop-types@15.8.1 OK for: react-katex@3.1.0 want: ^15.8.1
34 silly fetch manifest commander@^8.3.0
35 silly packumentCache full:https://registry.npmjs.org/commander cache-miss
36 silly fetch manifest loose-envify@^1.4.0
37 silly packumentCache full:https://registry.npmjs.org/loose-envify cache-miss
38 silly fetch manifest react-is@^16.13.1
39 silly packumentCache full:https://registry.npmjs.org/react-is cache-miss
40 http fetch GET 200 https://registry.npmjs.org/react-is 107ms (cache revalidated)
41 silly packumentCache full:https://registry.npmjs.org/react-is set size:5291381 disposed:false
42 http fetch GET 200 https://registry.npmjs.org/commander 276ms (cache revalidated)
43 silly packumentCache full:https://registry.npmjs.org/commander set size:306325 disposed:false
44 http fetch GET 200 https://registry.npmjs.org/loose-envify 308ms (cache revalidated)
45 silly packumentCache full:https://registry.npmjs.org/loose-envify set size:12559 disposed:false
46 silly placeDep node_modules/katex commander@8.3.0 OK for: katex@0.16.38 want: ^8.3.0
47 silly placeDep ROOT loose-envify@1.4.0 OK for: prop-types@15.8.1 want: ^1.4.0
48 silly placeDep node_modules/prop-types react-is@16.13.1 OK for: prop-types@15.8.1 want: ^16.13.1
49 silly reify moves {}
50 silly audit bulk request {
50 silly audit   '@babel/code-frame': [ '7.29.0' ],
50 silly audit   '@babel/compat-data': [ '7.29.0' ],
50 silly audit   '@babel/core': [ '7.29.0' ],
50 silly audit   debug: [ '4.4.3', '2.6.9' ],
50 silly audit   ms: [ '2.1.3', '2.0.0' ],
50 silly audit   semver: [ '6.3.1', '7.7.4', '7.5.3' ],
50 silly audit   '@babel/generator': [ '7.29.1' ],
50 silly audit   '@babel/helper-compilation-targets': [ '7.28.6' ],
50 silly audit   '@babel/helper-globals': [ '7.28.0' ],
50 silly audit   '@babel/helper-module-imports': [ '7.28.6' ],
50 silly audit   '@babel/helper-module-transforms': [ '7.28.6' ],
50 silly audit   '@babel/helper-plugin-utils': [ '7.28.6' ],
50 silly audit   '@babel/helper-string-parser': [ '7.27.1' ],
50 silly audit   '@babel/helper-validator-identifier': [ '7.28.5' ],
50 silly audit   '@babel/helper-validator-option': [ '7.27.1' ],
50 silly audit   '@babel/helpers': [ '7.28.6' ],
50 silly audit   '@babel/parser': [ '7.29.0' ],
50 silly audit   '@babel/plugin-syntax-async-generators': [ '7.8.4' ],
50 silly audit   '@babel/plugin-syntax-bigint': [ '7.8.3' ],
50 silly audit   '@babel/plugin-syntax-class-properties': [ '7.12.13' ],
50 silly audit   '@babel/plugin-syntax-class-static-block': [ '7.14.5' ],
50 silly audit   '@babel/plugin-syntax-import-attributes': [ '7.28.6' ],
50 silly audit   '@babel/plugin-syntax-import-meta': [ '7.10.4' ],
50 silly audit   '@babel/plugin-syntax-json-strings': [ '7.8.3' ],
50 silly audit   '@babel/plugin-syntax-jsx': [ '7.28.6' ],
50 silly audit   '@babel/plugin-syntax-logical-assignment-operators': [ '7.10.4' ],
50 silly audit   '@babel/plugin-syntax-nullish-coalescing-operator': [ '7.8.3' ],
50 silly audit   '@babel/plugin-syntax-numeric-separator': [ '7.10.4' ],
50 silly audit   '@babel/plugin-syntax-object-rest-spread': [ '7.8.3' ],
50 silly audit   '@babel/plugin-syntax-optional-catch-binding': [ '7.8.3' ],
50 silly audit   '@babel/plugin-syntax-optional-chaining': [ '7.8.3' ],
50 silly audit   '@babel/plugin-syntax-private-property-in-object': [ '7.14.5' ],
50 silly audit   '@babel/plugin-syntax-top-level-await': [ '7.14.5' ],
50 silly audit   '@babel/plugin-syntax-typescript': [ '7.28.6' ],
50 silly audit   '@babel/template': [ '7.28.6' ],
50 silly audit   '@babel/traverse': [ '7.29.0' ],
50 silly audit   '@babel/types': [ '7.29.0' ],
50 silly audit   '@bcoe/v8-coverage': [ '0.2.3' ],
50 silly audit   '@borewit/text-codec': [ '0.2.1' ],
50 silly audit   '@esbuild/aix-ppc64': [ '0.25.0' ],
50 silly audit   '@esbuild/android-arm': [ '0.25.0' ],
50 silly audit   '@esbuild/android-arm64': [ '0.25.0' ],
50 silly audit   '@esbuild/android-x64': [ '0.25.0' ],
50 silly audit   '@esbuild/darwin-arm64': [ '0.25.0' ],
50 silly audit   '@esbuild/darwin-x64': [ '0.25.0' ],
50 silly audit   '@esbuild/freebsd-arm64': [ '0.25.0' ],
50 silly audit   '@esbuild/freebsd-x64': [ '0.25.0' ],
50 silly audit   '@esbuild/linux-arm': [ '0.25.0' ],
50 silly audit   '@esbuild/linux-arm64': [ '0.25.0' ],
50 silly audit   '@esbuild/linux-ia32': [ '0.25.0' ],
50 silly audit   '@esbuild/linux-loong64': [ '0.25.0' ],
50 silly audit   '@esbuild/linux-mips64el': [ '0.25.0' ],
50 silly audit   '@esbuild/linux-ppc64': [ '0.25.0' ],
50 silly audit   '@esbuild/linux-riscv64': [ '0.25.0' ],
50 silly audit   '@esbuild/linux-s390x': [ '0.25.0' ],
50 silly audit   '@esbuild/linux-x64': [ '0.25.0' ],
50 silly audit   '@esbuild/netbsd-arm64': [ '0.25.0' ],
50 silly audit   '@esbuild/netbsd-x64': [ '0.25.0' ],
50 silly audit   '@esbuild/openbsd-arm64': [ '0.25.0' ],
50 silly audit   '@esbuild/openbsd-x64': [ '0.25.0' ],
50 silly audit   '@esbuild/sunos-x64': [ '0.25.0' ],
50 silly audit   '@esbuild/win32-arm64': [ '0.25.0' ],
50 silly audit   '@esbuild/win32-ia32': [ '0.25.0' ],
50 silly audit   '@esbuild/win32-x64': [ '0.25.0' ],
50 silly audit   '@google-cloud/text-to-speech': [ '5.8.1' ],
50 silly audit   '@google/generative-ai': [ '0.21.0' ],
50 silly audit   '@grpc/grpc-js': [ '1.14.3' ],
50 silly audit   '@grpc/proto-loader': [ '0.8.0', '0.7.15' ],
50 silly audit   '@ioredis/commands': [ '1.5.1', '1.5.0' ],
50 silly audit   '@istanbuljs/load-nyc-config': [ '1.1.0' ],
50 silly audit   '@istanbuljs/schema': [ '0.1.3' ],
50 silly audit   '@jest/console': [ '29.7.0' ],
50 silly audit   '@jest/core': [ '29.7.0' ],
50 silly audit   '@jest/environment': [ '29.7.0' ],
50 silly audit   '@jest/expect': [ '29.7.0' ],
50 silly audit   '@jest/expect-utils': [ '29.7.0' ],
50 silly audit   '@jest/fake-timers': [ '29.7.0' ],
50 silly audit   '@jest/globals': [ '29.7.0' ],
50 silly audit   '@jest/reporters': [ '29.7.0' ],
50 silly audit   '@jest/schemas': [ '29.6.3' ],
50 silly audit   '@jest/source-map': [ '29.6.3' ],
50 silly audit   '@jest/test-result': [ '29.7.0' ],
50 silly audit   '@jest/test-sequencer': [ '29.7.0' ],
50 silly audit   '@jest/transform': [ '29.7.0' ],
50 silly audit   '@jest/types': [ '29.6.3' ],
50 silly audit   '@jridgewell/gen-mapping': [ '0.3.13' ],
50 silly audit   '@jridgewell/remapping': [ '2.3.5' ],
50 silly audit   '@jridgewell/resolve-uri': [ '3.1.2' ],
50 silly audit   '@jridgewell/source-map': [ '0.3.11' ],
50 silly audit   '@jridgewell/sourcemap-codec': [ '1.5.5' ],
50 silly audit   '@jridgewell/trace-mapping': [ '0.3.31' ],
50 silly audit   '@js-sdsl/ordered-map': [ '4.4.2' ],
50 silly audit   '@msgpackr-extract/msgpackr-extract-darwin-arm64': [ '3.0.3' ],
50 silly audit   '@msgpackr-extract/msgpackr-extract-darwin-x64': [ '3.0.3' ],
50 silly audit   '@msgpackr-extract/msgpackr-extract-linux-arm': [ '3.0.3' ],
50 silly audit   '@msgpackr-extract/msgpackr-extract-linux-arm64': [ '3.0.3' ],
50 silly audit   '@msgpackr-extract/msgpackr-extract-linux-x64': [ '3.0.3' ],
50 silly audit   '@msgpackr-extract/msgpackr-extract-win32-x64': [ '3.0.3' ],
50 silly audit   '@protobufjs/aspromise': [ '1.1.2' ],
50 silly audit   '@protobufjs/base64': [ '1.1.2' ],
50 silly audit   '@protobufjs/codegen': [ '2.0.4' ],
50 silly audit   '@protobufjs/eventemitter': [ '1.1.0' ],
50 silly audit   '@protobufjs/fetch': [ '1.1.0' ],
50 silly audit   '@protobufjs/float': [ '1.0.2' ],
50 silly audit   '@protobufjs/inquire': [ '1.1.0' ],
50 silly audit   '@protobufjs/path': [ '1.1.2' ],
50 silly audit   '@protobufjs/pool': [ '1.1.0' ],
50 silly audit   '@protobufjs/utf8': [ '1.1.0' ],
50 silly audit   '@remotion/bundler': [ '4.0.290' ],
50 silly audit   '@remotion/compositor-darwin-arm64': [ '4.0.290' ],
50 silly audit   '@remotion/compositor-darwin-x64': [ '4.0.290' ],
50 silly audit   '@remotion/compositor-linux-arm64-gnu': [ '4.0.290' ],
50 silly audit   '@remotion/compositor-linux-arm64-musl': [ '4.0.290' ],
50 silly audit   '@remotion/compositor-linux-x64-gnu': [ '4.0.290' ],
50 silly audit   '@remotion/compositor-linux-x64-musl': [ '4.0.290' ],
50 silly audit   '@remotion/compositor-win32-x64-msvc': [ '4.0.290' ],
50 silly audit   '@remotion/media-parser': [ '4.0.290' ],
50 silly audit   '@remotion/media-utils': [ '4.0.290' ],
50 silly audit   '@remotion/player': [ '4.0.290' ],
50 silly audit   '@remotion/renderer': [ '4.0.290' ],
50 silly audit   'source-map': [ '0.8.0-beta.0', '0.6.1', '0.7.3' ],
50 silly audit   tr46: [ '1.0.1', '0.0.3' ],
50 silly audit   'webidl-conversions': [ '4.0.2', '3.0.1' ],
50 silly audit   'whatwg-url': [ '7.1.0', '5.0.0' ],
50 silly audit   '@remotion/streaming': [ '4.0.290' ],
50 silly audit   '@remotion/studio': [ '4.0.290' ],
50 silly audit   '@remotion/studio-shared': [ '4.0.290' ],
50 silly audit   '@remotion/zod-types': [ '4.0.290' ],
50 silly audit   '@sec-ant/readable-stream': [ '0.4.1' ],
50 silly audit   '@sinclair/typebox': [ '0.27.10' ],
50 silly audit   '@sinonjs/commons': [ '3.0.1' ],
50 silly audit   '@sinonjs/fake-timers': [ '10.3.0' ],
50 silly audit   '@tokenizer/token': [ '0.3.0' ],
50 silly audit   '@tootallnate/once': [ '2.0.0' ],
50 silly audit   '@types/babel__core': [ '7.20.5' ],
50 silly audit   '@types/babel__generator': [ '7.27.0' ],
50 silly audit   '@types/babel__template': [ '7.4.4' ],
50 silly audit   '@types/babel__traverse': [ '7.28.0' ],
50 silly audit   '@types/caseless': [ '0.12.5' ],
50 silly audit   '@types/eslint': [ '9.6.1' ],
50 silly audit   '@types/eslint-scope': [ '3.7.7' ],
50 silly audit   '@types/estree': [ '1.0.8' ],
50 silly audit   '@types/graceful-fs': [ '4.1.9' ],
50 silly audit   '@types/istanbul-lib-coverage': [ '2.0.6' ],
50 silly audit   '@types/istanbul-lib-report': [ '3.0.3' ],
50 silly audit   '@types/istanbul-reports': [ '3.0.4' ],
50 silly audit   '@types/json-schema': [ '7.0.15' ],
50 silly audit   '@types/long': [ '4.0.2' ],
50 silly audit   '@types/node': [ '25.3.5' ],
50 silly audit   '@types/request': [ '2.48.13' ],
50 silly audit   '@types/stack-utils': [ '2.0.3' ],
50 silly audit   '@types/tough-cookie': [ '4.0.5' ],
50 silly audit   '@types/yargs': [ '17.0.35' ],
50 silly audit   '@types/yargs-parser': [ '21.0.3' ],
50 silly audit   '@types/yauzl': [ '2.10.3' ],
50 silly audit   '@webassemblyjs/ast': [ '1.14.1' ],
50 silly audit   '@webassemblyjs/floating-point-hex-parser': [ '1.13.2' ],
50 silly audit   '@webassemblyjs/helper-api-error': [ '1.13.2' ],
50 silly audit   '@webassemblyjs/helper-buffer': [ '1.14.1' ],
50 silly audit   '@webassemblyjs/helper-numbers': [ '1.13.2' ],
50 silly audit   '@webassemblyjs/helper-wasm-bytecode': [ '1.13.2' ],
50 silly audit   '@webassemblyjs/helper-wasm-section': [ '1.14.1' ],
50 silly audit   '@webassemblyjs/ieee754': [ '1.13.2' ],
50 silly audit   '@webassemblyjs/leb128': [ '1.13.2' ],
50 silly audit   '@webassemblyjs/utf8': [ '1.13.2' ],
50 silly audit   '@webassemblyjs/wasm-edit': [ '1.14.1' ],
50 silly audit   '@webassemblyjs/wasm-gen': [ '1.14.1' ],
50 silly audit   '@webassemblyjs/wasm-opt': [ '1.14.1' ],
50 silly audit   '@webassemblyjs/wasm-parser': [ '1.14.1' ],
50 silly audit   '@webassemblyjs/wast-printer': [ '1.14.1' ],
50 silly audit   '@xtuc/ieee754': [ '1.2.0' ],
50 silly audit   '@xtuc/long': [ '4.2.2' ],
50 silly audit   'abort-controller': [ '3.0.0' ],
50 silly audit   accepts: [ '1.3.8' ],
50 silly audit   acorn: [ '8.16.0' ],
50 silly audit   'agent-base': [ '7.1.4', '6.0.2' ],
50 silly audit   ajv: [ '6.14.0', '8.18.0' ],
50 silly audit   'ajv-formats': [ '2.1.1' ],
50 silly audit   'json-schema-traverse': [ '1.0.0', '0.4.1' ],
50 silly audit   'ajv-keywords': [ '3.5.2', '5.1.0' ],
50 silly audit   'ansi-escapes': [ '4.3.2' ],
50 silly audit   'ansi-regex': [ '5.0.1' ],
50 silly audit   'ansi-styles': [ '4.3.0', '5.2.0' ],
50 silly audit   anymatch: [ '3.1.3' ],
50 silly audit   argparse: [ '1.0.10' ],
50 silly audit   'array-flatten': [ '1.1.1' ],
50 silly audit   asynckit: [ '0.4.0' ],
50 silly audit   'babel-jest': [ '29.7.0' ],
50 silly audit   'babel-plugin-istanbul': [ '6.1.1' ],
50 silly audit   'istanbul-lib-instrument': [ '5.2.1', '6.0.3' ],
50 silly audit   'babel-plugin-jest-hoist': [ '29.6.3' ],
50 silly audit   'babel-preset-current-node-syntax': [ '1.2.0' ],
50 silly audit   'babel-preset-jest': [ '29.6.3' ],
50 silly audit   'balanced-match': [ '1.0.2', '4.0.4' ],
50 silly audit   'base64-js': [ '1.5.1' ],
50 silly audit   'baseline-browser-mapping': [ '2.10.0' ],
50 silly audit   'big.js': [ '5.2.2' ],
50 silly audit   'bignumber.js': [ '9.3.1' ],
50 silly audit   'binary-extensions': [ '2.3.0' ],
50 silly audit   'body-parser': [ '1.20.4' ],
50 silly audit   'brace-expansion': [ '1.1.12', '5.0.4' ],
50 silly audit   braces: [ '3.0.3' ],
50 silly audit   browserslist: [ '4.28.1' ],
50 silly audit   bser: [ '2.1.1' ],
50 silly audit   'buffer-crc32': [ '0.2.13' ],
50 silly audit   'buffer-equal-constant-time': [ '1.0.1' ],
50 silly audit   'buffer-from': [ '1.1.2' ],
50 silly audit   bullmq: [ '5.70.4' ],
50 silly audit   ioredis: [ '5.9.3', '5.10.0' ],
50 silly audit   uuid: [ '11.1.0', '9.0.1', '10.0.0' ],
50 silly audit   bytes: [ '3.1.2' ],
50 silly audit   'call-bind-apply-helpers': [ '1.0.2' ],
50 silly audit   'call-bound': [ '1.0.4' ],
50 silly audit   callsites: [ '3.1.0' ],
50 silly audit   camelcase: [ '5.3.1', '6.3.0' ],
50 silly audit   'caniuse-lite': [ '1.0.30001777' ],
50 silly audit   chalk: [ '4.1.2' ],
50 silly audit   'char-regex': [ '1.0.2' ],
50 silly audit   chokidar: [ '3.6.0' ],
50 silly audit   'chrome-trace-event': [ '1.0.4' ],
50 silly audit   'ci-info': [ '3.9.0' ],
50 silly audit   'cjs-module-lexer': [ '1.4.3' ],
50 silly audit   cliui: [ '8.0.1' ],
50 silly audit   'cluster-key-slot': [ '1.1.2' ],
50 silly audit   co: [ '4.6.0' ],
50 silly audit   'collect-v8-coverage': [ '1.0.3' ],
50 silly audit   'color-convert': [ '2.0.1' ],
50 silly audit   'color-name': [ '1.1.4' ],
50 silly audit   'combined-stream': [ '1.0.8' ],
50 silly audit   commander: [ '2.20.3', '8.3.0' ],
50 silly audit   'concat-map': [ '0.0.1' ],
50 silly audit   'content-disposition': [ '0.5.4' ],
50 silly audit   'content-type': [ '1.0.5' ],
50 silly audit   'convert-source-map': [ '2.0.0' ],
50 silly audit   cookie: [ '0.7.2' ],
50 silly audit   'cookie-signature': [ '1.0.7' ],
50 silly audit   cors: [ '2.8.6' ],
50 silly audit   'create-jest': [ '29.7.0' ],
50 silly audit   'cron-parser': [ '4.9.0' ],
50 silly audit   'cross-spawn': [ '7.0.6' ],
50 silly audit   'css-loader': [ '5.2.7' ],
50 silly audit   cssesc: [ '3.0.0' ],
50 silly audit   dedent: [ '1.7.2' ],
50 silly audit   deepmerge: [ '4.3.1' ],
50 silly audit   'define-lazy-prop': [ '2.0.0' ],
50 silly audit   'delayed-stream': [ '1.0.0' ],
50 silly audit   denque: [ '2.1.0' ],
50 silly audit   depd: [ '2.0.0' ],
50 silly audit   destroy: [ '1.2.0' ],
50 silly audit   'detect-libc': [ '2.1.2' ],
50 silly audit   'detect-newline': [ '3.1.0' ],
50 silly audit   'diff-sequences': [ '29.6.3' ],
50 silly audit   dotenv: [ '16.6.1' ],
50 silly audit   'dunder-proto': [ '1.0.1' ],
50 silly audit   duplexify: [ '4.1.3' ],
50 silly audit   'ecdsa-sig-formatter': [ '1.0.11' ],
50 silly audit   'ee-first': [ '1.1.1' ],
50 silly audit   'electron-to-chromium': [ '1.5.307' ],
50 silly audit   emittery: [ '0.13.1' ],
50 silly audit   'emoji-regex': [ '8.0.0' ],
50 silly audit   'emojis-list': [ '3.0.0' ],
50 silly audit   encodeurl: [ '2.0.0' ],
50 silly audit   'end-of-stream': [ '1.4.5' ],
50 silly audit   'enhanced-resolve': [ '5.20.0' ],
50 silly audit   'error-ex': [ '1.3.4' ],
50 silly audit   'es-define-property': [ '1.0.1' ],
50 silly audit   'es-errors': [ '1.3.0' ],
50 silly audit   'es-module-lexer': [ '1.7.0' ],
50 silly audit   'es-object-atoms': [ '1.1.1' ],
50 silly audit   'es-set-tostringtag': [ '2.1.0' ],
50 silly audit   esbuild: [ '0.25.0' ],
50 silly audit   escalade: [ '3.2.0' ],
50 silly audit   'escape-html': [ '1.0.3' ],
50 silly audit   'escape-string-regexp': [ '2.0.0' ],
50 silly audit   'eslint-scope': [ '5.1.1' ],
50 silly audit   esprima: [ '4.0.1' ],
50 silly audit   esrecurse: [ '4.3.0' ],
50 silly audit   estraverse: [ '5.3.0', '4.3.0' ],
50 silly audit   etag: [ '1.8.1' ],
50 silly audit   'event-target-shim': [ '5.0.1' ],
50 silly audit   events: [ '3.3.0' ],
50 silly audit   execa: [ '5.1.1' ],
50 silly audit   exit: [ '0.1.2' ],
50 silly audit   expect: [ '29.7.0' ],
50 silly audit   express: [ '4.22.1' ],
50 silly audit   extend: [ '3.0.2' ],
50 silly audit   'extract-zip': [ '2.0.1' ],
50 silly audit   'get-stream': [ '5.2.0', '9.0.1', '6.0.1' ],
50 silly audit   'fast-deep-equal': [ '3.1.3' ],
50 silly audit   'fast-json-stable-stringify': [ '2.1.0' ],
50 silly audit   'fast-uri': [ '3.1.0' ],
50 silly audit   'fb-watchman': [ '2.0.2' ],
50 silly audit   'fd-slicer': [ '1.1.0' ],
50 silly audit   'file-type': [ '19.6.0' ],
50 silly audit   'is-stream': [ '4.0.1', '2.0.1' ],
50 silly audit   strtok3: [ '9.1.1', '10.3.4' ],
50 silly audit   'fill-range': [ '7.1.1' ],
50 silly audit   finalhandler: [ '1.3.2' ],
50 silly audit   'find-up': [ '4.1.0' ],
50 silly audit   'form-data': [ '2.5.5' ],
50 silly audit   forwarded: [ '0.2.0' ],
50 silly audit   fresh: [ '0.5.2' ],
50 silly audit   'fs-monkey': [ '1.0.3' ],
50 silly audit   'fs.realpath': [ '1.0.0' ],
50 silly audit   fsevents: [ '2.3.3' ],
50 silly audit   'function-bind': [ '1.1.2' ],
50 silly audit   gaxios: [ '6.7.1' ],
50 silly audit   'gcp-metadata': [ '6.1.1' ],
50 silly audit   gensync: [ '1.0.0-beta.2' ],
50 silly audit   'get-caller-file': [ '2.0.5' ],
50 silly audit   'get-intrinsic': [ '1.3.0' ],
50 silly audit   'get-package-type': [ '0.1.0' ],
50 silly audit   'get-proto': [ '1.0.1' ],
50 silly audit   glob: [ '7.2.3' ],
50 silly audit   'glob-parent': [ '5.1.2' ],
50 silly audit   'glob-to-regexp': [ '0.4.1' ],
50 silly audit   'google-auth-library': [ '9.15.1' ],
50 silly audit   'google-gax': [ '4.6.1' ],
50 silly audit   'google-logging-utils': [ '0.0.2' ],
50 silly audit   gopd: [ '1.2.0' ],
50 silly audit   'graceful-fs': [ '4.2.11' ],
50 silly audit   gtoken: [ '7.1.0' ],
50 silly audit   'has-flag': [ '4.0.0', '3.0.0' ],
50 silly audit   'has-symbols': [ '1.1.0' ],
50 silly audit   'has-tostringtag': [ '1.0.2' ],
50 silly audit   hasown: [ '2.0.2' ],
50 silly audit   'html-escaper': [ '2.0.2' ],
50 silly audit   'http-errors': [ '2.0.1' ],
50 silly audit   'http-proxy-agent': [ '5.0.0' ],
50 silly audit   'https-proxy-agent': [ '7.0.6', '5.0.1' ],
50 silly audit   'human-signals': [ '2.1.0' ],
50 silly audit   'iconv-lite': [ '0.4.24' ],
50 silly audit   'icss-utils': [ '5.1.0' ],
50 silly audit   ieee754: [ '1.2.1' ],
50 silly audit   'ignore-by-default': [ '1.0.1' ],
50 silly audit   'import-local': [ '3.2.0' ],
50 silly audit   imurmurhash: [ '0.1.4' ],
50 silly audit   inflight: [ '1.0.6' ],
50 silly audit   inherits: [ '2.0.4' ],
50 silly audit   'ipaddr.js': [ '1.9.1' ],
50 silly audit   'is-arrayish': [ '0.2.1' ],
50 silly audit   'is-binary-path': [ '2.1.0' ],
50 silly audit   'is-core-module': [ '2.16.1' ],
50 silly audit   'is-docker': [ '2.2.1' ],
50 silly audit   'is-extglob': [ '2.1.1' ],
50 silly audit   'is-fullwidth-code-point': [ '3.0.0' ],
50 silly audit   'is-generator-fn': [ '2.1.0' ],
50 silly audit   'is-glob': [ '4.0.3' ],
50 silly audit   'is-number': [ '7.0.0' ],
50 silly audit   'is-wsl': [ '2.2.0' ],
50 silly audit   isexe: [ '2.0.0' ],
50 silly audit   'istanbul-lib-coverage': [ '3.2.2' ],
50 silly audit   'istanbul-lib-report': [ '3.0.1' ],
50 silly audit   'istanbul-lib-source-maps': [ '4.0.1' ],
50 silly audit   'istanbul-reports': [ '3.2.0' ],
50 silly audit   jest: [ '29.7.0' ],
50 silly audit   'jest-changed-files': [ '29.7.0' ],
50 silly audit   'jest-circus': [ '29.7.0' ],
50 silly audit   'jest-cli': [ '29.7.0' ],
50 silly audit   'jest-config': [ '29.7.0' ],
50 silly audit   'jest-diff': [ '29.7.0' ],
50 silly audit   'jest-docblock': [ '29.7.0' ],
50 silly audit   'jest-each': [ '29.7.0' ],
50 silly audit   'jest-environment-node': [ '29.7.0' ],
50 silly audit   'jest-get-type': [ '29.6.3' ],
50 silly audit   'jest-haste-map': [ '29.7.0' ],
50 silly audit   'jest-leak-detector': [ '29.7.0' ],
50 silly audit   'jest-matcher-utils': [ '29.7.0' ],
50 silly audit   'jest-message-util': [ '29.7.0' ],
50 silly audit   'jest-mock': [ '29.7.0' ],
50 silly audit   'jest-pnp-resolver': [ '1.2.3' ],
50 silly audit   'jest-regex-util': [ '29.6.3' ],
50 silly audit   'jest-resolve': [ '29.7.0' ],
50 silly audit   'jest-resolve-dependencies': [ '29.7.0' ],
50 silly audit   'jest-runner': [ '29.7.0' ],
50 silly audit   'jest-runtime': [ '29.7.0' ],
50 silly audit   'jest-snapshot': [ '29.7.0' ],
50 silly audit   'jest-util': [ '29.7.0' ],
50 silly audit   'jest-validate': [ '29.7.0' ],
50 silly audit   'jest-watcher': [ '29.7.0' ],
50 silly audit   'jest-worker': [ '29.7.0', '27.5.1' ],
50 silly audit   'supports-color': [ '8.1.1', '5.5.0', '7.2.0' ],
50 silly audit   'js-tokens': [ '4.0.0' ],
50 silly audit   'js-yaml': [ '3.14.2' ],
50 silly audit   jsesc: [ '3.1.0' ],
50 silly audit   'json-bigint': [ '1.0.0' ],
50 silly audit   'json-parse-even-better-errors': [ '2.3.1' ],
50 silly audit   json5: [ '2.2.3' ],
50 silly audit   jwa: [ '2.0.1' ],
50 silly audit   jws: [ '4.0.1' ],
50 silly audit   kleur: [ '3.0.3' ],
50 silly audit   leven: [ '3.1.0' ],
50 silly audit   'lines-and-columns': [ '1.2.4' ],
50 silly audit   link: [ '2.1.2' ],
50 silly audit   'loader-runner': [ '4.3.1' ],
50 silly audit   'loader-utils': [ '2.0.4' ],
50 silly audit   'locate-path': [ '5.0.0' ],
50 silly audit   'lodash.camelcase': [ '4.3.0' ],
50 silly audit   'lodash.defaults': [ '4.2.0' ],
50 silly audit   'lodash.isarguments': [ '3.1.0' ],
50 silly audit   'lodash.sortby': [ '4.7.0' ],
50 silly audit   long: [ '5.3.2' ],
50 silly audit   'lru-cache': [ '5.1.1', '6.0.0' ],
50 silly audit   luxon: [ '3.7.2' ],
50 silly audit   'make-dir': [ '4.0.0' ],
50 silly audit   makeerror: [ '1.0.12' ],
50 silly audit   'math-intrinsics': [ '1.1.0' ],
50 silly audit   'media-typer': [ '1.1.0', '0.3.0' ],
50 silly audit   memfs: [ '3.4.3' ],
50 silly audit   'merge-descriptors': [ '1.0.3' ],
50 silly audit   'merge-stream': [ '2.0.0' ],
50 silly audit   methods: [ '1.1.2' ],
50 silly audit   micromatch: [ '4.0.8' ],
50 silly audit   mime: [ '1.6.0' ],
50 silly audit   'mime-db': [ '1.52.0' ],
50 silly audit   'mime-types': [ '2.1.35' ],
50 silly audit   'mimic-fn': [ '2.1.0' ],
50 silly audit   minimatch: [ '3.1.5', '10.2.4' ],
50 silly audit   msgpackr: [ '1.11.5' ],
50 silly audit   'msgpackr-extract': [ '3.0.3' ],
50 silly audit   'music-metadata': [ '10.9.1' ],
50 silly audit   nanoid: [ '3.3.11' ],
50 silly audit   'natural-compare': [ '1.4.0' ],
50 silly audit   negotiator: [ '0.6.3' ],
50 silly audit   'neo-async': [ '2.6.2' ],
50 silly audit   'node-abort-controller': [ '3.1.1' ],
50 silly audit   'node-fetch': [ '2.7.0' ],
50 silly audit   'node-gyp-build-optional-packages': [ '5.2.2' ],
50 silly audit   'node-int64': [ '0.4.0' ],
50 silly audit   'node-releases': [ '2.0.36' ],
50 silly audit   nodemon: [ '3.1.14' ],
50 silly audit   'normalize-path': [ '3.0.0' ],
50 silly audit   'npm-run-path': [ '4.0.1' ],
50 silly audit   'object-assign': [ '4.1.1' ],
50 silly audit   'object-hash': [ '3.0.0' ],
50 silly audit   'object-inspect': [ '1.13.4' ],
50 silly audit   'on-finished': [ '2.4.1' ],
50 silly audit   once: [ '1.4.0' ],
50 silly audit   onetime: [ '5.1.2' ],
50 silly audit   open: [ '8.4.2' ],
50 silly audit   'p-limit': [ '3.1.0', '2.3.0' ],
50 silly audit   'p-locate': [ '4.1.0' ],
50 silly audit   'p-try': [ '2.2.0' ],
50 silly audit   'parse-json': [ '5.2.0' ],
50 silly audit   parseurl: [ '1.3.3' ],
50 silly audit   'path-exists': [ '4.0.0' ],
50 silly audit   'path-is-absolute': [ '1.0.1' ],
50 silly audit   'path-key': [ '3.1.1' ],
50 silly audit   'path-parse': [ '1.0.7' ],
50 silly audit   'path-to-regexp': [ '0.1.12' ],
50 silly audit   'peek-readable': [ '5.4.2' ],
50 silly audit   pend: [ '1.2.0' ],
50 silly audit   picocolors: [ '1.1.1' ],
50 silly audit   picomatch: [ '2.3.1' ],
50 silly audit   pirates: [ '4.0.7' ],
50 silly audit   'pkg-dir': [ '4.2.0' ],
50 silly audit   postcss: [ '8.5.8' ],
50 silly audit   'postcss-modules-extract-imports': [ '3.1.0' ],
50 silly audit   'postcss-modules-local-by-default': [ '4.2.0' ],
50 silly audit   'postcss-modules-scope': [ '3.2.1' ],
50 silly audit   'postcss-modules-values': [ '4.0.0' ],
50 silly audit   'postcss-selector-parser': [ '7.1.1' ],
50 silly audit   'postcss-value-parser': [ '4.2.0' ],
50 silly audit   'pretty-format': [ '29.7.0' ],
50 silly audit   prompts: [ '2.4.2' ],
50 silly audit   'proto3-json-serializer': [ '2.0.2' ],
50 silly audit   protobufjs: [ '7.5.4' ],
50 silly audit   'proxy-addr': [ '2.0.7' ],
50 silly audit   'pstree.remy': [ '1.1.8' ],
50 silly audit   pump: [ '3.0.4' ],
50 silly audit   punycode: [ '2.3.1' ],
50 silly audit   'pure-rand': [ '6.1.0' ],
50 silly audit   qs: [ '6.14.2' ],
50 silly audit   'range-parser': [ '1.2.1' ],
50 silly audit   'raw-body': [ '2.5.3' ],
50 silly audit   react: [ '19.2.4' ],
50 silly audit   'react-dom': [ '19.2.4' ],
50 silly audit   'react-is': [ '18.3.1', '16.13.1' ],
50 silly audit   'react-refresh': [ '0.9.0' ],
50 silly audit   'readable-stream': [ '3.6.2' ],
50 silly audit   readdirp: [ '3.6.0' ],
50 silly audit   'redis-errors': [ '1.2.0' ],
50 silly audit   'redis-parser': [ '3.0.0' ],
50 silly audit   remotion: [ '4.0.290' ],
50 silly audit   'require-directory': [ '2.1.1' ],
50 silly audit   'require-from-string': [ '2.0.2' ],
50 silly audit   resolve: [ '1.22.11' ],
50 silly audit   'resolve-cwd': [ '3.0.0' ],
50 silly audit   'resolve-from': [ '5.0.0' ],
50 silly audit   'resolve.exports': [ '2.0.3' ],
50 silly audit   'retry-request': [ '7.0.2' ],
50 silly audit   'safe-buffer': [ '5.2.1' ],
50 silly audit   'safer-buffer': [ '2.1.2' ],
50 silly audit   scheduler: [ '0.27.0' ],
50 silly audit   'schema-utils': [ '3.3.0', '4.3.3' ],
50 silly audit   yallist: [ '4.0.0', '3.1.1' ],
50 silly audit   send: [ '0.19.2' ],
50 silly audit   'serve-static': [ '1.16.3' ],
50 silly audit   setprototypeof: [ '1.2.0' ],
50 silly audit   'shebang-command': [ '2.0.0' ],
50 silly audit   'shebang-regex': [ '3.0.0' ],
50 silly audit   'side-channel': [ '1.1.0' ],
50 silly audit   'side-channel-list': [ '1.0.0' ],
50 silly audit   'side-channel-map': [ '1.0.1' ],
50 silly audit   'side-channel-weakmap': [ '1.0.2' ],
50 silly audit   'signal-exit': [ '3.0.7' ],
50 silly audit   'simple-update-notifier': [ '2.0.0' ],
50 silly audit   sisteransi: [ '1.0.5' ],
50 silly audit   slash: [ '3.0.0' ],
50 silly audit   slugify: [ '1.6.6' ],
50 silly audit   'source-map-js': [ '1.2.1' ],
50 silly audit   'source-map-support': [ '0.5.13', '0.5.21' ],
50 silly audit   'sprintf-js': [ '1.0.3' ],
50 silly audit   'stack-utils': [ '2.0.6' ],
50 silly audit   'standard-as-callback': [ '2.1.0' ],
50 silly audit   statuses: [ '2.0.2' ],
50 silly audit   'stream-events': [ '1.0.5' ],
50 silly audit   'stream-shift': [ '1.0.3' ],
50 silly audit   string_decoder: [ '1.3.0' ],
50 silly audit   'string-length': [ '4.0.2' ],
50 silly audit   'string-width': [ '4.2.3' ],
50 silly audit   'strip-ansi': [ '6.0.1' ],
50 silly audit   'strip-bom': [ '4.0.0' ],
50 silly audit   'strip-final-newline': [ '2.0.0' ],
50 silly audit   'strip-json-comments': [ '3.1.1' ],
50 silly audit   stubs: [ '3.0.0' ],
50 silly audit   'style-loader': [ '4.0.0' ],
50 silly audit   'supports-preserve-symlinks-flag': [ '1.0.0' ],
50 silly audit   tapable: [ '2.3.0' ],
50 silly audit   'teeny-request': [ '9.0.0' ],
50 silly audit   terser: [ '5.46.0' ],
50 silly audit   'terser-webpack-plugin': [ '5.3.17' ],
50 silly audit   'test-exclude': [ '6.0.0' ],
50 silly audit   tmpl: [ '1.0.5' ],
50 silly audit   'to-regex-range': [ '5.0.1' ],
50 silly audit   toidentifier: [ '1.0.1' ],
50 silly audit   'token-types': [ '6.1.2' ],
50 silly audit   touch: [ '3.1.1' ],
50 silly audit   tslib: [ '2.8.1' ],
50 silly audit   'type-detect': [ '4.0.8' ],
50 silly audit   'type-fest': [ '0.21.3' ],
50 silly audit   'type-is': [ '1.6.18' ],
50 silly audit   'uint8array-extras': [ '1.5.0' ],
50 silly audit   undefsafe: [ '2.0.5' ],
50 silly audit   'undici-types': [ '7.18.2' ],
50 silly audit   unpipe: [ '1.0.0' ],
50 silly audit   'update-browserslist-db': [ '1.2.3' ],
50 silly audit   'uri-js': [ '4.4.1' ],
50 silly audit   'util-deprecate': [ '1.0.2' ],
50 silly audit   'utils-merge': [ '1.0.1' ],
50 silly audit   'v8-to-istanbul': [ '9.3.0' ],
50 silly audit   vary: [ '1.1.2' ],
50 silly audit   walker: [ '1.0.8' ],
50 silly audit   watchpack: [ '2.5.1' ],
50 silly audit   webpack: [ '5.96.1' ],
50 silly audit   'webpack-sources': [ '3.3.4' ],
50 silly audit   which: [ '2.0.2' ],
50 silly audit   'wrap-ansi': [ '7.0.0' ],
50 silly audit   wrappy: [ '1.0.2' ],
50 silly audit   'write-file-atomic': [ '4.0.2' ],
50 silly audit   ws: [ '8.17.1' ],
50 silly audit   y18n: [ '5.0.8' ],
50 silly audit   yargs: [ '17.7.2' ],
50 silly audit   'yargs-parser': [ '21.1.1' ],
50 silly audit   yauzl: [ '2.10.0' ],
50 silly audit   'yocto-queue': [ '0.1.0' ],
50 silly audit   zod: [ '3.22.3' ],
50 silly audit   katex: [ '0.16.38' ],
50 silly audit   'react-katex': [ '3.1.0' ],
50 silly audit   'prop-types': [ '15.8.1' ],
50 silly audit   'loose-envify': [ '1.4.0' ]
50 silly audit }
51 http cache loose-envify@https://registry.npmjs.org/loose-envify/-/loose-envify-1.4.0.tgz 0ms (cache hit)
52 http cache fsevents@https://registry.npmjs.org/fsevents/-/fsevents-2.3.3.tgz 0ms (cache hit)
53 http cache prop-types@https://registry.npmjs.org/prop-types/-/prop-types-15.8.1.tgz 0ms (cache hit)
54 http cache react-is@https://registry.npmjs.org/react-is/-/react-is-16.13.1.tgz 0ms (cache hit)
55 http cache react-katex@https://registry.npmjs.org/react-katex/-/react-katex-3.1.0.tgz 0ms (cache hit)
56 http cache katex@https://registry.npmjs.org/katex/-/katex-0.16.38.tgz 0ms (cache hit)
57 http cache commander@https://registry.npmjs.org/commander/-/commander-8.3.0.tgz 0ms (cache hit)
58 silly tarball no local data for react-katex@https://registry.npmjs.org/react-katex/-/react-katex-3.1.0.tgz. Extracting by manifest.
59 silly tarball no local data for katex@https://registry.npmjs.org/katex/-/katex-0.16.38.tgz. Extracting by manifest.
60 http fetch GET 200 https://registry.npmjs.org/react-katex/-/react-katex-3.1.0.tgz 288ms (cache miss)
61 http fetch POST 200 https://registry.npmjs.org/-/npm/v1/security/advisories/bulk 329ms
62 silly audit report {
62 silly audit report   '@tootallnate/once': [
62 silly audit report     {
62 silly audit report       id: 1113977,
62 silly audit report       url: 'https://github.com/advisories/GHSA-vpq2-c234-7xj6',
62 silly audit report       title: '@tootallnate/once vulnerable to Incorrect Control Flow Scoping',
62 silly audit report       severity: 'low',
62 silly audit report       vulnerable_versions: '<3.0.1',
62 silly audit report       cwe: [Array],
62 silly audit report       cvss: [Object]
62 silly audit report     }
62 silly audit report   ],
62 silly audit report   webpack: [
62 silly audit report     {
62 silly audit report       id: 1113041,
62 silly audit report       url: 'https://github.com/advisories/GHSA-8fgc-7cc6-rx7x',
62 silly audit report       title: 'webpack buildHttp: allowedUris allow-list bypass via URL userinfo (@) leading to build-time SSRF behavior',
62 silly audit report       severity: 'low',
62 silly audit report       vulnerable_versions: '>=5.49.0 <=5.104.0',
62 silly audit report       cwe: [Array],
62 silly audit report       cvss: [Object]
62 silly audit report     },
62 silly audit report     {
62 silly audit report       id: 1113042,
62 silly audit report       url: 'https://github.com/advisories/GHSA-38r7-794h-5758',
62 silly audit report       title: 'webpack buildHttp HttpUriPlugin allowedUris bypass via HTTP redirects → SSRF + cache persistence',
62 silly audit report       severity: 'low',
62 silly audit report       vulnerable_versions: '>=5.49.0 <5.104.0',
62 silly audit report       cwe: [Array],
62 silly audit report       cvss: [Object]
62 silly audit report     }
62 silly audit report   ]
62 silly audit report }
63 silly packumentCache corgi:https://registry.npmjs.org/@tootallnate%2fonce cache-miss
64 silly packumentCache corgi:https://registry.npmjs.org/webpack cache-miss
65 http fetch GET 200 https://registry.npmjs.org/@tootallnate%2fonce 103ms (cache revalidated)
66 silly packumentCache corgi:https://registry.npmjs.org/@tootallnate%2fonce set size:10818 disposed:false
67 http fetch GET 200 https://registry.npmjs.org/webpack 118ms (cache revalidated)
68 silly packumentCache corgi:https://registry.npmjs.org/webpack set size:1999728 disposed:false
69 silly packumentCache corgi:https://registry.npmjs.org/http-proxy-agent cache-miss
70 http fetch GET 200 https://registry.npmjs.org/katex/-/katex-0.16.38.tgz 488ms (cache miss)
71 http fetch GET 200 https://registry.npmjs.org/http-proxy-agent 185ms (cache revalidated)
72 silly packumentCache corgi:https://registry.npmjs.org/http-proxy-agent set size:22735 disposed:false
73 silly packumentCache corgi:https://registry.npmjs.org/@remotion%2fbundler cache-miss
74 silly packumentCache corgi:https://registry.npmjs.org/css-loader cache-miss
75 silly packumentCache corgi:https://registry.npmjs.org/style-loader cache-miss
76 silly packumentCache corgi:https://registry.npmjs.org/terser-webpack-plugin cache-miss
77 http fetch GET 200 https://registry.npmjs.org/terser-webpack-plugin 114ms (cache revalidated)
78 silly packumentCache corgi:https://registry.npmjs.org/terser-webpack-plugin set size:205225 disposed:false
79 http fetch GET 200 https://registry.npmjs.org/css-loader 124ms (cache revalidated)
80 silly packumentCache corgi:https://registry.npmjs.org/css-loader set size:243401 disposed:false
81 http fetch GET 200 https://registry.npmjs.org/style-loader 362ms (cache revalidated)
82 silly packumentCache corgi:https://registry.npmjs.org/style-loader set size:87141 disposed:false
83 http fetch GET 200 https://registry.npmjs.org/@remotion%2fbundler 1824ms (cache revalidated)
84 silly packumentCache corgi:https://registry.npmjs.org/@remotion%2fbundler set size:2147210 disposed:false
85 silly packumentCache corgi:https://registry.npmjs.org/teeny-request cache-miss
86 http fetch GET 200 https://registry.npmjs.org/teeny-request 369ms (cache revalidated)
87 silly packumentCache corgi:https://registry.npmjs.org/teeny-request set size:96743 disposed:false
88 silly packumentCache corgi:https://registry.npmjs.org/retry-request cache-miss
89 http fetch GET 200 https://registry.npmjs.org/retry-request 85ms (cache revalidated)
90 silly packumentCache corgi:https://registry.npmjs.org/retry-request set size:40804 disposed:false
91 silly packumentCache corgi:https://registry.npmjs.org/google-gax cache-miss
92 http fetch GET 200 https://registry.npmjs.org/google-gax 92ms (cache revalidated)
93 silly packumentCache corgi:https://registry.npmjs.org/google-gax set size:997085 disposed:false
94 silly packumentCache corgi:https://registry.npmjs.org/@google-cloud%2ftext-to-speech cache-miss
95 http fetch GET 200 https://registry.npmjs.org/@google-cloud%2ftext-to-speech 902ms (cache revalidated)
96 silly packumentCache corgi:https://registry.npmjs.org/@google-cloud%2ftext-to-speech set size:117131 disposed:false
97 silly ADD node_modules/loose-envify
98 silly ADD node_modules/prop-types
99 silly ADD node_modules/prop-types/node_modules/react-is
100 silly ADD node_modules/react-katex
101 silly ADD node_modules/katex
102 silly ADD node_modules/katex/node_modules/commander
103 silly ADD node_modules/fsevents
104 verbose cwd /Users/rosario/Desktop/q&A/jee-video-gen/backend
105 verbose os Darwin 25.0.0
106 verbose node v24.13.0
107 verbose npm  v11.6.2
108 verbose exit 0
109 info ok
